// Jest Snapshot v1, https://goo.gl/fbAQLP

exports[`<Account Content> With Connect should render Account Content Component 1`] = `
<Provider
  store={
    Object {
      "clearActions": [Function],
      "dispatch": [Function],
      "getActions": [Function],
      "getState": [Function],
      "replaceReducer": [Function],
      "subscribe": [Function],
    }
  }
>
  <BrowserRouter>
    <Router
      history={
        Object {
          "action": "POP",
          "block": [Function],
          "createHref": [Function],
          "go": [Function],
          "goBack": [Function],
          "goForward": [Function],
          "length": 1,
          "listen": [Function],
          "location": Object {
            "hash": "",
            "pathname": "/",
            "search": "",
            "state": undefined,
          },
          "push": [Function],
          "replace": [Function],
        }
      }
    >
      <withRouter(AccountContent)
        history={
          Object {
            "push": [MockFunction],
          }
        }
        loadParcels={[MockFunction]}
      >
        <Route>
          <AccountContent
            history={
              Object {
                "action": "POP",
                "block": [Function],
                "createHref": [Function],
                "go": [Function],
                "goBack": [Function],
                "goForward": [Function],
                "length": 1,
                "listen": [Function],
                "location": Object {
                  "hash": "",
                  "pathname": "/",
                  "search": "",
                  "state": undefined,
                },
                "push": [Function],
                "replace": [Function],
              }
            }
            loadParcels={[MockFunction]}
            location={
              Object {
                "hash": "",
                "pathname": "/",
                "search": "",
                "state": undefined,
              }
            }
            match={
              Object {
                "isExact": true,
                "params": Object {},
                "path": "/",
                "url": "/",
              }
            }
          >
            <div
              className="service-information"
            >
              <h1>
                <span>
                  Just Call 
                </span>
                (0908754647846)
              </h1>
              <p>
                We are always ready for your service
              </p>
              <button
                onClick={[Function]}
              >
                SendIT Today
              </button>
            </div>
          </AccountContent>
        </Route>
      </withRouter(AccountContent)>
    </Router>
  </BrowserRouter>
</Provider>
`;
