// Jest Snapshot v1, https://goo.gl/fbAQLP

exports[`<Navbar> should render a navbar component 1`] = `
<nav
  className="navbar navbar-expand-lg navbar-light"
  style={
    Object {
      "backgroundColor": "#806B75",
    }
  }
>
  <button
    aria-controls="navbarNavDropdown"
    aria-expanded="false"
    aria-label="Toggle navigation"
    className="navbar-toggler"
    data-target="#navbarNavDropdown"
    data-toggle="collapse"
    type="button"
  >
    <span
      className="navbar-toggler-icon"
    />
  </button>
  <div
    className="collapse navbar-collapse"
    id="navbarNavDropdown"
  >
    <ul
      className="navbar-nav"
    >
      <li
        className="nav-item"
      >
        <Link
          className="nav-link"
          replace={false}
          to="/"
        >
          Home 
          <span
            className="sr-only"
          >
            (current)
          </span>
        </Link>
      </li>
      <li
        className="nav-item"
      >
        <Link
          className="nav-link"
          replace={false}
          to="/about"
        >
          About Us
        </Link>
      </li>
      <li
        className="nav-item"
      >
        <Link
          className="nav-link"
          replace={false}
          to="/signup"
        >
          Create Account
        </Link>
      </li>
       
      <li
        className="nav-item"
      >
        <Link
          className="nav-link"
          replace={false}
          to="/login"
        >
          Sign in
        </Link>
      </li>
    </ul>
  </div>
</nav>
`;
